-- Allow running regression suite with upgrade paths
\set v `echo ${FROMVERSION:-1.4}`
SET client_min_messages = warning;
CREATE EXTENSION pglogical;
CREATE EXTENSION pglogical_ticker VERSION :'v';
