SET client_min_messages TO WARNING;
DROP EXTENSION pglogical_ticker CASCADE;
DROP EXTENSION pglogical;
